============================================================
Exp33 7 epochs -> R2-Dreamer 2M
ROOT:              /home/jovyan/workspace/dreamer/combined-upload
JEPA manifest:     splits/r2_general_2100.json
JEPA output:       /home/jovyan/workspace/dreamer/combined-upload/smac-jepa-wm/runs/rnn_seqmem_exp33_dreamer_7ep_v2_clean
Installed ckpt:    /home/jovyan/workspace/dreamer/combined-upload/smac-dreamer/checkpoints/jepa/model.pt
Dreamer config:    configs/r2_2100_jepa_reward_shaped.yaml
Full Dreamer logs: /home/jovyan/workspace/dreamer/combined-upload/smac-dreamer/logs/r2dreamer/exp33_7ep_2m_20260703_060128
============================================================

=== Python/CUDA/import check ===
torch: 2.11.0+cu126
compiled CUDA: 12.6
smac_jepa: /home/jovyan/workspace/dreamer/combined-upload/smac-jepa-wm/smac_jepa/__init__.py
smacdreamer: /home/jovyan/workspace/dreamer/combined-upload/smac-dreamer/src/smacdreamer/__init__.py
GPU: NVIDIA A40
CUDA smoke test: PASS
Exp33 anchored memory contract self-test: PASS

=== Verify Dreamer CLI before expensive JEPA training ===
Dreamer CLI check: PASS

=== Train full Exp33 JEPA for 7 total epochs ===
Python executable: /home/jovyan/workspace/dreamer/combined-upload/.venv/bin/python
Torch: 2.11.0+cu126
Torch CUDA build: 12.6
CUDA available: True
smac_jepa: /home/jovyan/workspace/dreamer/combined-upload/smac-jepa-wm/smac_jepa/__init__.py
visibility dataset: /home/jovyan/workspace/dreamer/combined-upload/smac-jepa-wm/smac_jepa/data/markov_rollout_visibility_dataset.py
visibility dataset version: 1
Exp33 launch diagnostics: PASS
Starting a clean training run:
  /home/jovyan/workspace/dreamer/combined-upload/smac-jepa-wm/runs/rnn_seqmem_exp33_dreamer_7ep_v2_clean
precision_policy policy=bf16(auto) autocast=True grad_scaler=False amp_init_scale=1024.0 amp_growth_interval=10000
visibility_preflight_passed items=1024 hidden_fraction=0.000776
optimizer_parameter_check unique_tensors=214 unique_scalars=6099483 duplicates=0
/home/jovyan/workspace/dreamer/combined-upload/smac-jepa-wm/smac_jepa/train_jepa_exp31_exp33.py:3699: FutureWarning: `torch.cuda.amp.GradScaler(args...)` is deprecated. Please use `torch.amp.GradScaler('cuda', args...)` instead.
  scaler = torch.cuda.amp.GradScaler(
wandb: [wandb.login()] Loaded credentials for https://api.wandb.ai from /home/jovyan/.netrc.
wandb: Currently logged in as: kialok (kialok-nus) to https://api.wandb.ai. Use `wandb login --relogin` to force relogin
wandb: setting up run de0f0vwe
wandb: Tracking run with wandb version 0.28.0
wandb: Run data is saved locally in /home/jovyan/workspace/dreamer/combined-upload/smac-jepa-wm/runs/rnn_seqmem_exp33_dreamer_7ep_v2_clean/wandb/run-20260703_060224-de0f0vwe
wandb: Run `wandb offline` to turn off syncing.
wandb: Syncing run exp33-dreamer-compatible-7ep-v1
wandb: ⭐️ View project at https://wandb.ai/kialok-nus/SMAC-JEPA-losses
wandb: 🚀 View run at https://wandb.ai/kialok-nus/SMAC-JEPA-losses/runs/de0f0vwe
markov_rollout_rnn_visibility_seqmem_r2offline p=20 n=5 memory_dim=322 enemy_visibility_mask=True sight_range=9.0 temporal_loss=lambda td_lambda=0.9 r2_dyn_scale=1.0 r2_rep_scale=0.1 r2_barlow_scale=0.05 r2_barlow_lambda=0.0005 r2_latent_normalize=True sigreg_weight=0.01 sigreg_weight_start=None sigreg_weight_end=None sigreg_warmup_epochs=0 decoder_weight=0.01 presence_weight=0.01 action_conditioned_memory=True one_step_weight=0.5 target_mode=full ema_target_encoder=True ema_momentum=0.996 memory_barlow_scale=0.0 event_balanced_sampling=False event_fraction=0.3 event_pool_fraction=0.2 window_mode=random samples_per_epoch=50000 blocker_fixes=hidden_belief,predicted_presence,consistent_chronology,feature_masked_decoder,agent_aware_actions
epoch_schedule epoch=1 active_sigreg_weight=0.010000
/home/jovyan/workspace/dreamer/combined-upload/smac-jepa-wm/smac_jepa/train_jepa_exp31_exp33.py:2922: FutureWarning: `torch.cuda.amp.autocast(args...)` is deprecated. Please use `torch.amp.autocast('cuda', args...)` instead.
  torch.cuda.amp.autocast(enabled=False)
/home/jovyan/workspace/dreamer/combined-upload/smac-jepa-wm/smac_jepa/train_jepa_exp31_exp33.py:2969: FutureWarning: `torch.cuda.amp.autocast(args...)` is deprecated. Please use `torch.amp.autocast('cuda', args...)` instead.
  torch.cuda.amp.autocast(enabled=False)
epoch=1 step=1 total_loss=3.144450 pred_loss=1.933382 pred_uniform=1.933738 rep=1.933382 barlow=1.094543 barlow_diag=0.0185 barlow_offdiag=0.3446 sigreg_obj=8.890008 memory_barlow=0.000000 target_std=0.7189 pred_std=0.1866 decoded_loss=0.142277 decoded_dynamic=0.198637 presence_loss=0.701899 memory_norm=6.179845
epoch=1 step=10 total_loss=3.191126 pred_loss=1.962812 pred_uniform=1.963278 rep=1.959412 barlow=1.095999 barlow_diag=0.0227 barlow_offdiag=0.3508 sigreg_obj=7.794535 memory_barlow=0.000000 target_std=0.7493 pred_std=0.1755 decoded_loss=0.136114 decoded_dynamic=0.178875 presence_loss=0.696991 memory_norm=6.434335
epoch=1 step=20 total_loss=3.064072 pred_loss=1.885344 pred_uniform=1.886006 rep=1.870674 barlow=1.069776 barlow_diag=0.0256 barlow_offdiag=0.3334 sigreg_obj=10.388727 memory_barlow=0.000000 target_std=0.7399 pred_std=0.1651 decoded_loss=0.135056 decoded_dynamic=0.183727 presence_loss=0.699720 memory_norm=7.983867
epoch=1 step=30 total_loss=2.919396 pred_loss=1.796156 pred_uniform=1.796744 rep=1.761760 barlow=1.068851 barlow_diag=0.0279 barlow_offdiag=0.3320 sigreg_obj=9.319212 memory_barlow=0.000000 target_std=0.7325 pred_std=0.1678 decoded_loss=0.129106 decoded_dynamic=0.177797 presence_loss=0.692373 memory_norm=6.436707
epoch=1 step=40 total_loss=2.773630 pred_loss=1.709333 pred_uniform=1.709847 rep=1.648760 barlow=1.050310 barlow_diag=0.0380 barlow_offdiag=0.3387 sigreg_obj=10.228390 memory_barlow=0.000000 target_std=0.7416 pred_std=0.1659 decoded_loss=0.124718 decoded_dynamic=0.160670 presence_loss=0.687422 memory_norm=7.578889
epoch=1 step=50 total_loss=2.530687 pred_loss=1.558723 pred_uniform=1.559195 rep=1.463631 barlow=1.028344 barlow_diag=0.0511 barlow_offdiag=0.3479 sigreg_obj=8.765867 memory_barlow=0.000000 target_std=0.7391 pred_std=0.1631 decoded_loss=0.125944 decoded_dynamic=0.159564 presence_loss=0.677955 memory_norm=6.339229
epoch=1 step=60 total_loss=2.257968 pred_loss=1.392783 pred_uniform=1.393377 rep=1.261795 barlow=1.000192 barlow_diag=0.0605 barlow_offdiag=0.3342 sigreg_obj=10.038248 memory_barlow=0.000000 target_std=0.7377 pred_std=0.1516 decoded_loss=0.114033 decoded_dynamic=0.161455 presence_loss=0.661225 memory_norm=7.351352
epoch=1 step=70 total_loss=1.992304 pred_loss=1.232076 pred_uniform=1.233091 rep=1.070171 barlow=0.961805 barlow_diag=0.0803 barlow_offdiag=0.3384 sigreg_obj=9.159486 memory_barlow=0.000000 target_std=0.7346 pred_std=0.1463 decoded_loss=0.096154 decoded_dynamic=0.127865 presence_loss=0.692549 memory_norm=6.581865
epoch=1 step=80 total_loss=1.748243 pred_loss=1.082031 pred_uniform=1.083289 rep=0.905353 barlow=0.912373 barlow_diag=0.1118 barlow_offdiag=0.3497 sigreg_obj=11.012320 memory_barlow=0.000000 target_std=0.7377 pred_std=0.1479 decoded_loss=0.100700 decoded_dynamic=0.137827 presence_loss=0.669928 memory_norm=7.343117
epoch=1 step=90 total_loss=1.550130 pred_loss=0.961186 pred_uniform=0.962720 rep=0.774797 barlow=0.847197 barlow_diag=0.1398 barlow_offdiag=0.3373 sigreg_obj=11.834219 memory_barlow=0.000000 target_std=0.7376 pred_std=0.1634 decoded_loss=0.091486 decoded_dynamic=0.125258 presence_loss=0.640097 memory_norm=7.452425
epoch=1 step=100 total_loss=1.379370 pred_loss=0.861961 pred_uniform=0.864754 rep=0.660835 barlow=0.767321 barlow_diag=0.1870 barlow_offdiag=0.3474 sigreg_obj=11.136351 memory_barlow=0.000000 target_std=0.7402 pred_std=0.1503 decoded_loss=0.084098 decoded_dynamic=0.119534 presence_loss=0.668101 memory_norm=6.614591
epoch=1 step=110 total_loss=1.185466 pred_loss=0.749107 pred_uniform=0.753341 rep=0.551028 barlow=0.682712 barlow_diag=0.2398 barlow_offdiag=0.3620 sigreg_obj=11.431067 memory_barlow=0.000000 target_std=0.7257 pred_std=0.1789 decoded_loss=0.072725 decoded_dynamic=0.109166 presence_loss=0.621447 memory_norm=5.809667
epoch=1 step=120 total_loss=1.113316 pred_loss=0.710465 pred_uniform=0.716681 rep=0.529937 barlow=0.613456 barlow_diag=0.2753 barlow_offdiag=0.3505 sigreg_obj=13.075773 memory_barlow=0.000000 target_std=0.7376 pred_std=0.2078 decoded_loss=0.068349 decoded_dynamic=0.098267 presence_loss=0.664129 memory_norm=7.110406
epoch=1 step=130 total_loss=1.000473 pred_loss=0.641899 pred_uniform=0.649402 rep=0.468462 barlow=0.530568 barlow_diag=0.3281 barlow_offdiag=0.3597 sigreg_obj=15.429869 memory_barlow=0.000000 target_std=0.7225 pred_std=0.2210 decoded_loss=0.069241 decoded_dynamic=0.091811 presence_loss=0.676104 memory_norm=7.670354
epoch=1 step=140 total_loss=0.900563 pred_loss=0.572206 pred_uniform=0.579266 rep=0.420918 barlow=0.457768 barlow_diag=0.3777 barlow_offdiag=0.3654 sigreg_obj=16.328417 memory_barlow=0.000000 target_std=0.7255 pred_std=0.3097 decoded_loss=0.070663 decoded_dynamic=0.098010 presence_loss=0.685049 memory_norm=7.911929
epoch=1 step=150 total_loss=0.807773 pred_loss=0.504001 pred_uniform=0.506944 rep=0.368218 barlow=0.396517 barlow_diag=0.4249 barlow_offdiag=0.3788 sigreg_obj=12.629046 memory_barlow=0.000000 target_std=0.7298 pred_std=0.4695 decoded_loss=0.068076 decoded_dynamic=0.101813 presence_loss=0.934294 memory_norm=6.606833
epoch=1 step=160 total_loss=0.695493 pred_loss=0.430041 pred_uniform=0.432249 rep=0.283786 barlow=0.364397 barlow_diag=0.4470 barlow_offdiag=0.3749 sigreg_obj=14.876583 memory_barlow=0.000000 target_std=0.7095 pred_std=0.4396 decoded_loss=0.059578 decoded_dynamic=0.093414 presence_loss=0.888783 memory_norm=7.422333
epoch=1 step=170 total_loss=0.593802 pred_loss=0.370872 pred_uniform=0.374284 rep=0.255008 barlow=0.289206 barlow_diag=0.5213 barlow_offdiag=0.4025 sigreg_obj=12.995235 memory_barlow=0.000000 target_std=0.6949 pred_std=0.4653 decoded_loss=0.051589 decoded_dynamic=0.082025 presence_loss=0.958166 memory_norm=5.590806
epoch=1 step=180 total_loss=0.575143 pred_loss=0.360198 pred_uniform=0.363817 rep=0.252920 barlow=0.267413 barlow_diag=0.5366 barlow_offdiag=0.3983 sigreg_obj=13.413352 memory_barlow=0.000000 target_std=0.7084 pred_std=0.4932 decoded_loss=0.051185 decoded_dynamic=0.082303 presence_loss=0.776245 memory_norm=5.980081
epoch=1 step=190 total_loss=0.515970 pred_loss=0.321951 pred_uniform=0.325986 rep=0.231549 barlow=0.229242 barlow_diag=0.5719 barlow_offdiag=0.4051 sigreg_obj=12.715793 memory_barlow=0.000000 target_std=0.6929 pred_std=0.4882 decoded_loss=0.049078 decoded_dynamic=0.081134 presence_loss=0.957432 memory_norm=6.168124
epoch=1 step=200 total_loss=0.466524 pred_loss=0.290784 pred_uniform=0.295260 rep=0.222693 barlow=0.188175 barlow_diag=0.6160 barlow_offdiag=0.4120 sigreg_obj=13.173450 memory_barlow=0.000000 target_std=0.6920 pred_std=0.5085 decoded_loss=0.052967 decoded_dynamic=0.088952 presence_loss=0.765038 memory_norm=6.181581
epoch=1 step=210 total_loss=0.425397 pred_loss=0.264519 pred_uniform=0.268758 rep=0.208510 barlow=0.166144 barlow_diag=0.6407 barlow_offdiag=0.4107 sigreg_obj=10.512730 memory_barlow=0.000000 target_std=0.6861 pred_std=0.5101 decoded_loss=0.047281 decoded_dynamic=0.080623 presence_loss=0.866669 memory_norm=5.643190
epoch=1 step=220 total_loss=0.394353 pred_loss=0.243634 pred_uniform=0.247843 rep=0.194853 barlow=0.148918 barlow_diag=0.6594 barlow_offdiag=0.4008 sigreg_obj=13.044044 memory_barlow=0.000000 target_std=0.6738 pred_std=0.5148 decoded_loss=0.050888 decoded_dynamic=0.081918 presence_loss=0.674206 memory_norm=7.007551
epoch=1 step=230 total_loss=0.363137 pred_loss=0.222864 pred_uniform=0.226670 rep=0.181945 barlow=0.131257 barlow_diag=0.6817 barlow_offdiag=0.3999 sigreg_obj=12.323030 memory_barlow=0.000000 target_std=0.6747 pred_std=0.5349 decoded_loss=0.047166 decoded_dynamic=0.078325 presence_loss=0.707451 memory_norm=6.465568
epoch=1 step=240 total_loss=0.348036 pred_loss=0.210380 pred_uniform=0.213976 rep=0.172203 barlow=0.124147 barlow_diag=0.6903 barlow_offdiag=0.3925 sigreg_obj=13.497486 memory_barlow=0.000000 target_std=0.6704 pred_std=0.5363 decoded_loss=0.047121 decoded_dynamic=0.079539 presence_loss=0.672232 memory_norm=6.882648
saved_recovery_checkpoint epoch=1 step=250 successful_updates=250
epoch=1 step=250 total_loss=0.320672 pred_loss=0.191227 pred_uniform=0.194654 rep=0.163378 barlow=0.107340 barlow_diag=0.7194 barlow_offdiag=0.4068 sigreg_obj=12.023158 memory_barlow=0.000000 target_std=0.6787 pred_std=0.5679 decoded_loss=0.049057 decoded_dynamic=0.081797 presence_loss=0.841546 memory_norm=6.570219
epoch=1 step=260 total_loss=0.320661 pred_loss=0.192377 pred_uniform=0.195868 rep=0.161251 barlow=0.107709 barlow_diag=0.7141 barlow_offdiag=0.3924 sigreg_obj=13.250690 memory_barlow=0.000000 target_std=0.6740 pred_std=0.5637 decoded_loss=0.047168 decoded_dynamic=0.080556 presence_loss=0.660447 memory_norm=7.471740
epoch=1 step=270 total_loss=0.286923 pred_loss=0.166357 pred_uniform=0.169145 rep=0.142880 barlow=0.098466 barlow_diag=0.7300 barlow_offdiag=0.3910 sigreg_obj=12.340786 memory_barlow=0.000000 target_std=0.6417 pred_std=0.5627 decoded_loss=0.047555 decoded_dynamic=0.085329 presence_loss=0.850948 memory_norm=6.464927
epoch=1 step=280 total_loss=0.288496 pred_loss=0.168447 pred_uniform=0.171822 rep=0.143816 barlow=0.089055 barlow_diag=0.7449 barlow_offdiag=0.3944 sigreg_obj=15.014987 memory_barlow=0.000000 target_std=0.6673 pred_std=0.5708 decoded_loss=0.047011 decoded_dynamic=0.081860 presence_loss=0.542062 memory_norm=8.521222
epoch=1 step=290 total_loss=0.253226 pred_loss=0.148264 pred_uniform=0.151012 rep=0.134871 barlow=0.080734 barlow_diag=0.7649 barlow_offdiag=0.4115 sigreg_obj=8.658949 memory_barlow=0.000000 target_std=0.6715 pred_std=0.5952 decoded_loss=0.044319 decoded_dynamic=0.077875 presence_loss=0.869881 memory_norm=5.496821
epoch=1 step=300 total_loss=0.288727 pred_loss=0.167282 pred_uniform=0.170110 rep=0.143091 barlow=0.101456 barlow_diag=0.7231 barlow_offdiag=0.3790 sigreg_obj=12.897108 memory_barlow=0.000000 target_std=0.6596 pred_std=0.5604 decoded_loss=0.044903 decoded_dynamic=0.081215 presence_loss=0.887019 memory_norm=7.490293
epoch=1 step=310 total_loss=0.239044 pred_loss=0.137466 pred_uniform=0.140428 rep=0.123927 barlow=0.068070 barlow_diag=0.7880 barlow_offdiag=0.4032 sigreg_obj=9.846737 memory_barlow=0.000000 target_std=0.6678 pred_std=0.6004 decoded_loss=0.050822 decoded_dynamic=0.082394 presence_loss=0.896951 memory_norm=6.479079
epoch=1 step=320 total_loss=0.245169 pred_loss=0.139664 pred_uniform=0.142800 rep=0.129216 barlow=0.068034 barlow_diag=0.7843 barlow_offdiag=0.3982 sigreg_obj=12.306799 memory_barlow=0.000000 target_std=0.6779 pred_std=0.5986 decoded_loss=0.045415 decoded_dynamic=0.079822 presence_loss=0.755983 memory_norm=7.810590
epoch=1 step=330 total_loss=0.204575 pred_loss=0.112174 pred_uniform=0.114365 rep=0.104712 barlow=0.059794 barlow_diag=0.8038 barlow_offdiag=0.4016 sigreg_obj=10.016930 memory_barlow=0.000000 target_std=0.6585 pred_std=0.6014 decoded_loss=0.053293 decoded_dynamic=0.082822 presence_loss=0.756416 memory_norm=6.383072
epoch=1 step=340 total_loss=0.217717 pred_loss=0.122599 pred_uniform=0.125153 rep=0.116666 barlow=0.061230 barlow_diag=0.7984 barlow_offdiag=0.3964 sigreg_obj=11.693447 memory_barlow=0.000000 target_std=0.6796 pred_std=0.6145 decoded_loss=0.047933 decoded_dynamic=0.076231 presence_loss=0.629995 memory_norm=7.102951
epoch=1 step=350 total_loss=0.202682 pred_loss=0.111293 pred_uniform=0.113723 rep=0.107753 barlow=0.055047 barlow_diag=0.8122 barlow_offdiag=0.3969 sigreg_obj=9.810241 memory_barlow=0.000000 target_std=0.6712 pred_std=0.6190 decoded_loss=0.048409 decoded_dynamic=0.084421 presence_loss=0.700664 memory_norm=6.915667
epoch=1 step=360 total_loss=0.173673 pred_loss=0.089370 pred_uniform=0.091487 rep=0.090961 barlow=0.046350 barlow_diag=0.8358 barlow_offdiag=0.4041 sigreg_obj=10.542341 memory_barlow=0.000000 target_std=0.6500 pred_std=0.5982 decoded_loss=0.055610 decoded_dynamic=0.087383 presence_loss=0.606532 memory_norm=5.995131
epoch=1 step=370 total_loss=0.196652 pred_loss=0.104483 pred_uniform=0.106768 rep=0.102399 barlow=0.051634 barlow_diag=0.8185 barlow_offdiag=0.3892 sigreg_obj=12.774847 memory_barlow=0.000000 target_std=0.6612 pred_std=0.6077 decoded_loss=0.048757 decoded_dynamic=0.083870 presence_loss=0.408760 memory_norm=7.622367
epoch=1 step=380 total_loss=0.155242 pred_loss=0.076408 pred_uniform=0.077835 rep=0.082218 barlow=0.040689 barlow_diag=0.8506 barlow_offdiag=0.3988 sigreg_obj=11.751997 memory_barlow=0.000000 target_std=0.6605 pred_std=0.6182 decoded_loss=0.047688 decoded_dynamic=0.080446 presence_loss=0.436191 memory_norm=7.026774
epoch=1 step=390 total_loss=0.181619 pred_loss=0.097911 pred_uniform=0.100159 rep=0.101923 barlow=0.047042 barlow_diag=0.8292 barlow_offdiag=0.3907 sigreg_obj=9.168417 memory_barlow=0.000000 target_std=0.6856 pred_std=0.6389 decoded_loss=0.049081 decoded_dynamic=0.082146 presence_loss=0.530390 memory_norm=7.310628
epoch=1 step=400 total_loss=0.159737 pred_loss=0.081147 pred_uniform=0.083229 rep=0.088105 barlow=0.040344 barlow_diag=0.8479 barlow_offdiag=0.3889 sigreg_obj=10.873065 memory_barlow=0.000000 target_std=0.6592 pred_std=0.6107 decoded_loss=0.044776 decoded_dynamic=0.076697 presence_loss=0.446258 memory_norm=7.383601
epoch=1 step=410 total_loss=0.146956 pred_loss=0.075789 pred_uniform=0.077463 rep=0.083343 barlow=0.037964 barlow_diag=0.8566 barlow_offdiag=0.3929 sigreg_obj=8.510490 memory_barlow=0.000000 target_std=0.6787 pred_std=0.6393 decoded_loss=0.046631 decoded_dynamic=0.079023 presence_loss=0.361392 memory_norm=6.164150
epoch=1 step=420 total_loss=0.144488 pred_loss=0.073494 pred_uniform=0.075412 rep=0.082671 barlow=0.036046 barlow_diag=0.8622 barlow_offdiag=0.3921 sigreg_obj=10.101251 memory_barlow=0.000000 target_std=0.6760 pred_std=0.6395 decoded_loss=0.045655 decoded_dynamic=0.076424 presence_loss=0.297673 memory_norm=7.056622
epoch=1 step=430 total_loss=0.143407 pred_loss=0.067395 pred_uniform=0.068950 rep=0.077571 barlow=0.034776 barlow_diag=0.8636 barlow_offdiag=0.3845 sigreg_obj=10.950873 memory_barlow=0.000000 target_std=0.6609 pred_std=0.6307 decoded_loss=0.047762 decoded_dynamic=0.083543 presence_loss=0.380874 memory_norm=7.650605
epoch=1 step=440 total_loss=0.133270 pred_loss=0.064675 pred_uniform=0.066344 rep=0.075695 barlow=0.033242 barlow_diag=0.8717 barlow_offdiag=0.3923 sigreg_obj=9.572956 memory_barlow=0.000000 target_std=0.6828 pred_std=0.6546 decoded_loss=0.046142 decoded_dynamic=0.080442 presence_loss=0.284584 memory_norm=7.337053
epoch=1 step=450 total_loss=0.126008 pred_loss=0.056706 pred_uniform=0.058092 rep=0.073201 barlow=0.029975 barlow_diag=0.8799 barlow_offdiag=0.3813 sigreg_obj=10.769034 memory_barlow=0.000000 target_std=0.6543 pred_std=0.6227 decoded_loss=0.047565 decoded_dynamic=0.078862 presence_loss=0.265519 memory_norm=7.498608
epoch=1 step=460 total_loss=0.128451 pred_loss=0.060417 pred_uniform=0.062433 rep=0.077943 barlow=0.028890 barlow_diag=0.8851 barlow_offdiag=0.3868 sigreg_obj=9.880653 memory_barlow=0.000000 target_std=0.6688 pred_std=0.6462 decoded_loss=0.050358 decoded_dynamic=0.084457 presence_loss=0.204654 memory_norm=7.193636
epoch=1 step=470 total_loss=0.118607 pred_loss=0.054564 pred_uniform=0.056459 rep=0.073994 barlow=0.027526 barlow_diag=0.8908 barlow_offdiag=0.3877 sigreg_obj=9.730040 memory_barlow=0.000000 target_std=0.6814 pred_std=0.6514 decoded_loss=0.045031 decoded_dynamic=0.075943 presence_loss=0.268808 memory_norm=7.117016
epoch=1 step=480 total_loss=0.110238 pred_loss=0.046249 pred_uniform=0.047153 rep=0.062090 barlow=0.026753 barlow_diag=0.8923 barlow_offdiag=0.3822 sigreg_obj=9.909657 memory_barlow=0.000000 target_std=0.6785 pred_std=0.6625 decoded_loss=0.046400 decoded_dynamic=0.077077 presence_loss=0.162895 memory_norm=7.068194
epoch=1 step=490 total_loss=0.115879 pred_loss=0.049473 pred_uniform=0.050687 rep=0.067667 barlow=0.026874 barlow_diag=0.8907 barlow_offdiag=0.3804 sigreg_obj=9.802860 memory_barlow=0.000000 target_std=0.6729 pred_std=0.6477 decoded_loss=0.046584 decoded_dynamic=0.083185 presence_loss=0.212752 memory_norm=7.255307
saved_recovery_checkpoint epoch=1 step=500 successful_updates=500
epoch=1 step=500 total_loss=0.111521 pred_loss=0.049599 pred_uniform=0.051392 rep=0.070330 barlow=0.025264 barlow_diag=0.8987 barlow_offdiag=0.3830 sigreg_obj=8.652642 memory_barlow=0.000000 target_std=0.6854 pred_std=0.6581 decoded_loss=0.047488 decoded_dynamic=0.078889 presence_loss=0.229032 memory_norm=7.248756
epoch=1 step=510 total_loss=0.123876 pred_loss=0.052647 pred_uniform=0.054084 rep=0.072823 barlow=0.027027 barlow_diag=0.8887 barlow_offdiag=0.3745 sigreg_obj=11.140787 memory_barlow=0.000000 target_std=0.6965 pred_std=0.6783 decoded_loss=0.048419 decoded_dynamic=0.081096 presence_loss=0.155032 memory_norm=9.646323
epoch=1 step=520 total_loss=0.099143 pred_loss=0.040400 pred_uniform=0.041588 rep=0.064702 barlow=0.023368 barlow_diag=0.9060 barlow_offdiag=0.3795 sigreg_obj=8.747709 memory_barlow=0.000000 target_std=0.6888 pred_std=0.6786 decoded_loss=0.044621 decoded_dynamic=0.078265 presence_loss=0.166714 memory_norm=7.586608
epoch=1 step=530 total_loss=0.100338 pred_loss=0.042373 pred_uniform=0.043429 rep=0.065857 barlow=0.024379 barlow_diag=0.9017 barlow_offdiag=0.3803 sigreg_obj=7.648223 memory_barlow=0.000000 target_std=0.7046 pred_std=0.6836 decoded_loss=0.042230 decoded_dynamic=0.075660 presence_loss=0.154412 memory_norm=6.537401
epoch=1 step=540 total_loss=0.079977 pred_loss=0.027832 pred_uniform=0.028386 rep=0.049302 barlow=0.021236 barlow_diag=0.9223 barlow_offdiag=0.3914 sigreg_obj=7.588652 memory_barlow=0.000000 target_std=0.7058 pred_std=0.6986 decoded_loss=0.042706 decoded_dynamic=0.074965 presence_loss=0.256288 memory_norm=6.688877
epoch=1 step=550 total_loss=0.094001 pred_loss=0.037674 pred_uniform=0.038522 rep=0.058323 barlow=0.023159 barlow_diag=0.9058 barlow_offdiag=0.3736 sigreg_obj=8.460637 memory_barlow=0.000000 target_std=0.7128 pred_std=0.6953 decoded_loss=0.043623 decoded_dynamic=0.078275 presence_loss=0.141337 memory_norm=7.501142
epoch=1 step=560 total_loss=0.076717 pred_loss=0.028557 pred_uniform=0.029427 rep=0.057135 barlow=0.019709 barlow_diag=0.9255 barlow_offdiag=0.3793 sigreg_obj=7.219755 memory_barlow=0.000000 target_std=0.7102 pred_std=0.6911 decoded_loss=0.041024 decoded_dynamic=0.070168 presence_loss=0.170243 memory_norm=6.495753
epoch=1 step=570 total_loss=0.089056 pred_loss=0.030268 pred_uniform=0.031003 rep=0.053532 barlow=0.020093 barlow_diag=0.9195 barlow_offdiag=0.3709 sigreg_obj=8.506924 memory_barlow=0.000000 target_std=0.6995 pred_std=0.6879 decoded_loss=0.053649 decoded_dynamic=0.085453 presence_loss=0.120324 memory_norm=7.374050
epoch=1 step=580 total_loss=0.068529 pred_loss=0.022799 pred_uniform=0.023437 rep=0.051006 barlow=0.018566 barlow_diag=0.9326 barlow_offdiag=0.3786 sigreg_obj=6.547348 memory_barlow=0.000000 target_std=0.7095 pred_std=0.6933 decoded_loss=0.039492 decoded_dynamic=0.070103 presence_loss=0.209342 memory_norm=6.409406
epoch=1 step=590 total_loss=0.081179 pred_loss=0.030159 pred_uniform=0.030814 rep=0.060439 barlow=0.019540 barlow_diag=0.9228 barlow_offdiag=0.3709 sigreg_obj=5.470705 memory_barlow=0.000000 target_std=0.7125 pred_std=0.6996 decoded_loss=0.049015 decoded_dynamic=0.084676 presence_loss=0.328626 memory_norm=6.416326
epoch=1 step=600 total_loss=0.082455 pred_loss=0.035222 pred_uniform=0.036359 rep=0.060885 barlow=0.020256 barlow_diag=0.9195 barlow_offdiag=0.3702 sigreg_obj=5.421454 memory_barlow=0.000000 target_std=0.7295 pred_std=0.7128 decoded_loss=0.041796 decoded_dynamic=0.075823 presence_loss=0.158248 memory_norm=6.387230
epoch=1 step=610 total_loss=0.066321 pred_loss=0.020984 pred_uniform=0.021453 rep=0.046823 barlow=0.017634 barlow_diag=0.9344 barlow_offdiag=0.3692 sigreg_obj=6.682918 memory_barlow=0.000000 target_std=0.7185 pred_std=0.7118 decoded_loss=0.040942 decoded_dynamic=0.070120 presence_loss=0.160109 memory_norm=6.974139
epoch=1 step=620 total_loss=0.073250 pred_loss=0.023543 pred_uniform=0.024077 rep=0.055480 barlow=0.018146 barlow_diag=0.9305 barlow_offdiag=0.3682 sigreg_obj=6.579574 memory_barlow=0.000000 target_std=0.6930 pred_std=0.6762 decoded_loss=0.044481 decoded_dynamic=0.076041 presence_loss=0.189150 memory_norm=5.947259
epoch=1 step=630 total_loss=0.081669 pred_loss=0.027369 pred_uniform=0.028120 rep=0.051958 barlow=0.017465 barlow_diag=0.9278 barlow_offdiag=0.3532 sigreg_obj=7.252973 memory_barlow=0.000000 target_std=0.7083 pred_std=0.7054 decoded_loss=0.048997 decoded_dynamic=0.083875 presence_loss=0.122518 memory_norm=7.621852
epoch=1 step=640 total_loss=0.075189 pred_loss=0.023353 pred_uniform=0.023888 rep=0.056243 barlow=0.016981 barlow_diag=0.9327 barlow_offdiag=0.3567 sigreg_obj=6.819572 memory_barlow=0.000000 target_std=0.7177 pred_std=0.7091 decoded_loss=0.047493 decoded_dynamic=0.080081 presence_loss=0.132183 memory_norm=6.926089
epoch=1 step=650 total_loss=0.082963 pred_loss=0.028656 pred_uniform=0.029425 rep=0.059382 barlow=0.017361 barlow_diag=0.9263 barlow_offdiag=0.3484 sigreg_obj=6.826105 memory_barlow=0.000000 target_std=0.6970 pred_std=0.6841 decoded_loss=0.041893 decoded_dynamic=0.075680 presence_loss=0.200463 memory_norm=6.258621
epoch=1 step=660 total_loss=0.066830 pred_loss=0.021854 pred_uniform=0.022658 rep=0.056298 barlow=0.016434 barlow_diag=0.9417 barlow_offdiag=0.3672 sigreg_obj=5.736844 memory_barlow=0.000000 target_std=0.7332 pred_std=0.7213 decoded_loss=0.046188 decoded_dynamic=0.075865 presence_loss=0.108411 memory_norm=6.388137
epoch=1 step=670 total_loss=0.073811 pred_loss=0.023769 pred_uniform=0.024449 rep=0.063643 barlow=0.016276 barlow_diag=0.9415 barlow_offdiag=0.3643 sigreg_obj=5.908542 memory_barlow=0.000000 target_std=0.7443 pred_std=0.7259 decoded_loss=0.045483 decoded_dynamic=0.076149 presence_loss=0.228399 memory_norm=6.928508
epoch=1 step=680 total_loss=0.064542 pred_loss=0.021964 pred_uniform=0.022919 rep=0.058695 barlow=0.015554 barlow_diag=0.9418 barlow_offdiag=0.3538 sigreg_obj=5.510355 memory_barlow=0.000000 target_std=0.7388 pred_std=0.7209 decoded_loss=0.038519 decoded_dynamic=0.070094 presence_loss=0.082649 memory_norm=5.669827
epoch=1 step=690 total_loss=0.075770 pred_loss=0.022657 pred_uniform=0.023234 rep=0.058418 barlow=0.015462 barlow_diag=0.9379 barlow_offdiag=0.3456 sigreg_obj=6.546082 memory_barlow=0.000000 target_std=0.7413 pred_std=0.7282 decoded_loss=0.043545 decoded_dynamic=0.078857 presence_loss=0.081200 memory_norm=7.369575
epoch=1 step=700 total_loss=0.069509 pred_loss=0.017561 pred_uniform=0.018043 rep=0.056888 barlow=0.014685 barlow_diag=0.9450 barlow_offdiag=0.3470 sigreg_obj=7.088455 memory_barlow=0.000000 target_std=0.7468 pred_std=0.7414 decoded_loss=0.044407 decoded_dynamic=0.077285 presence_loss=0.154506 memory_norm=8.246765
epoch=1 step=710 total_loss=0.068252 pred_loss=0.022361 pred_uniform=0.023070 rep=0.059903 barlow=0.015108 barlow_diag=0.9409 barlow_offdiag=0.3451 sigreg_obj=5.295237 memory_barlow=0.000000 target_std=0.7499 pred_std=0.7485 decoded_loss=0.038776 decoded_dynamic=0.071098 presence_loss=0.195614 memory_norm=6.498865
epoch=1 step=720 total_loss=0.073317 pred_loss=0.023679 pred_uniform=0.024380 rep=0.059315 barlow=0.015149 barlow_diag=0.9394 barlow_offdiag=0.3436 sigreg_obj=5.822549 memory_barlow=0.000000 target_std=0.7435 pred_std=0.7311 decoded_loss=0.040125 decoded_dynamic=0.073971 presence_loss=0.148670 memory_norm=6.818921
epoch=1 step=730 total_loss=0.065523 pred_loss=0.018173 pred_uniform=0.018546 rep=0.058259 barlow=0.014525 barlow_diag=0.9469 barlow_offdiag=0.3480 sigreg_obj=5.279346 memory_barlow=0.000000 target_std=0.7647 pred_std=0.7601 decoded_loss=0.041977 decoded_dynamic=0.070107 presence_loss=0.351203 memory_norm=7.757416
epoch=1 step=740 total_loss=0.063635 pred_loss=0.016518 pred_uniform=0.017019 rep=0.055181 barlow=0.013713 barlow_diag=0.9492 barlow_offdiag=0.3397 sigreg_obj=5.845888 memory_barlow=0.000000 target_std=0.7758 pred_std=0.7703 decoded_loss=0.042270 decoded_dynamic=0.073623 presence_loss=0.207275 memory_norm=7.872997
saved_recovery_checkpoint epoch=1 step=750 successful_updates=750
epoch=1 step=750 total_loss=0.061980 pred_loss=0.017033 pred_uniform=0.017594 rep=0.053906 barlow=0.014090 barlow_diag=0.9533 barlow_offdiag=0.3517 sigreg_obj=4.937873 memory_barlow=0.000000 target_std=0.7748 pred_std=0.7718 decoded_loss=0.046458 decoded_dynamic=0.081646 presence_loss=0.067175 memory_norm=6.585516
epoch=1 step=760 total_loss=0.062850 pred_loss=0.014481 pred_uniform=0.014928 rep=0.054384 barlow=0.013238 barlow_diag=0.9513 barlow_offdiag=0.3353 sigreg_obj=6.459598 memory_barlow=0.000000 target_std=0.7563 pred_std=0.7506 decoded_loss=0.037990 decoded_dynamic=0.069483 presence_loss=0.103577 memory_norm=8.248388
epoch=1 step=770 total_loss=0.064717 pred_loss=0.019582 pred_uniform=0.020192 rep=0.058874 barlow=0.013905 barlow_diag=0.9440 barlow_offdiag=0.3330 sigreg_obj=4.588181 memory_barlow=0.000000 target_std=0.7682 pred_std=0.7594 decoded_loss=0.039626 decoded_dynamic=0.073012 presence_loss=0.099476 memory_norm=6.347765
epoch=1 step=780 total_loss=0.053806 pred_loss=0.012933 pred_uniform=0.013152 rep=0.050853 barlow=0.013341 barlow_diag=0.9525 barlow_offdiag=0.3393 sigreg_obj=4.321778 memory_barlow=0.000000 target_std=0.7804 pred_std=0.7771 decoded_loss=0.039112 decoded_dynamic=0.072125 presence_loss=0.136196 memory_norm=7.077569
epoch=1 step=790 total_loss=0.053837 pred_loss=0.014058 pred_uniform=0.014459 rep=0.049231 barlow=0.013085 barlow_diag=0.9534 barlow_offdiag=0.3363 sigreg_obj=4.825322 memory_barlow=0.000000 target_std=0.7879 pred_std=0.7835 decoded_loss=0.041507 decoded_dynamic=0.069395 presence_loss=0.052001 memory_norm=6.633054
epoch=1 step=800 total_loss=0.059783 pred_loss=0.019813 pred_uniform=0.020377 rep=0.056388 barlow=0.014046 barlow_diag=0.9464 barlow_offdiag=0.3393 sigreg_obj=3.854445 memory_barlow=0.000000 target_std=0.7871 pred_std=0.7799 decoded_loss=0.042353 decoded_dynamic=0.073787 presence_loss=0.126280 memory_norm=6.004025
epoch=1 step=810 total_loss=0.056364 pred_loss=0.013007 pred_uniform=0.013295 rep=0.049171 barlow=0.012698 barlow_diag=0.9542 barlow_offdiag=0.3316 sigreg_obj=4.618836 memory_barlow=0.000000 target_std=0.7995 pred_std=0.7958 decoded_loss=0.041286 decoded_dynamic=0.072815 presence_loss=0.224318 memory_norm=7.918060
epoch=1 step=820 total_loss=0.051354 pred_loss=0.010673 pred_uniform=0.010873 rep=0.046677 barlow=0.012541 barlow_diag=0.9557 barlow_offdiag=0.3315 sigreg_obj=4.578726 memory_barlow=0.000000 target_std=0.7979 pred_std=0.7948 decoded_loss=0.045214 decoded_dynamic=0.073801 presence_loss=0.107397 memory_norm=7.143585
epoch=1 step=830 total_loss=0.059255 pred_loss=0.016392 pred_uniform=0.016835 rep=0.051896 barlow=0.012768 barlow_diag=0.9492 barlow_offdiag=0.3244 sigreg_obj=4.069514 memory_barlow=0.000000 target_std=0.7971 pred_std=0.7968 decoded_loss=0.044222 decoded_dynamic=0.081721 presence_loss=0.226656 memory_norm=6.993389
epoch=1 step=840 total_loss=0.063906 pred_loss=0.017979 pred_uniform=0.018379 rep=0.057226 barlow=0.013043 barlow_diag=0.9476 barlow_offdiag=0.3261 sigreg_obj=4.351418 memory_barlow=0.000000 target_std=0.7981 pred_std=0.7926 decoded_loss=0.042502 decoded_dynamic=0.070249 presence_loss=0.236696 memory_norm=7.726967
epoch=1 step=850 total_loss=0.049790 pred_loss=0.014486 pred_uniform=0.014871 rep=0.049456 barlow=0.013173 barlow_diag=0.9542 barlow_offdiag=0.3391 sigreg_obj=3.391401 memory_barlow=0.000000 target_std=0.8110 pred_std=0.8067 decoded_loss=0.037612 decoded_dynamic=0.065177 presence_loss=0.177890 memory_norm=5.597174
epoch=1 step=860 total_loss=0.056502 pred_loss=0.015475 pred_uniform=0.015869 rep=0.043665 barlow=0.012293 barlow_diag=0.9534 barlow_offdiag=0.3238 sigreg_obj=4.109826 memory_barlow=0.000000 target_std=0.8207 pred_std=0.8182 decoded_loss=0.038569 decoded_dynamic=0.069684 presence_loss=0.278634 memory_norm=7.342659
epoch=1 step=870 total_loss=0.048442 pred_loss=0.012859 pred_uniform=0.013232 rep=0.049187 barlow=0.012706 barlow_diag=0.9566 barlow_offdiag=0.3350 sigreg_obj=3.725642 memory_barlow=0.000000 target_std=0.8069 pred_std=0.8032 decoded_loss=0.039671 decoded_dynamic=0.064530 presence_loss=0.074480 memory_norm=5.712115
epoch=1 step=880 total_loss=0.060081 pred_loss=0.015713 pred_uniform=0.016591 rep=0.056442 barlow=0.011730 barlow_diag=0.9580 barlow_offdiag=0.3211 sigreg_obj=5.025575 memory_barlow=0.000000 target_std=0.8241 pred_std=0.8120 decoded_loss=0.036914 decoded_dynamic=0.067198 presence_loss=0.084890 memory_norm=8.498886
epoch=1 step=890 total_loss=0.067009 pred_loss=0.022549 pred_uniform=0.023461 rep=0.071839 barlow=0.012110 barlow_diag=0.9519 barlow_offdiag=0.3179 sigreg_obj=3.634777 memory_barlow=0.000000 target_std=0.8225 pred_std=0.8091 decoded_loss=0.041602 decoded_dynamic=0.072976 presence_loss=0.259580 memory_norm=7.486409
epoch=1 step=900 total_loss=0.050930 pred_loss=0.013396 pred_uniform=0.013812 rep=0.061840 barlow=0.012111 barlow_diag=0.9597 barlow_offdiag=0.3302 sigreg_obj=3.255706 memory_barlow=0.000000 target_std=0.8287 pred_std=0.8230 decoded_loss=0.038523 decoded_dynamic=0.066788 presence_loss=0.115646 memory_norm=6.631030
epoch=1 step=910 total_loss=0.046492 pred_loss=0.012354 pred_uniform=0.012719 rep=0.050720 barlow=0.012350 barlow_diag=0.9588 barlow_offdiag=0.3328 sigreg_obj=3.033559 memory_barlow=0.000000 target_std=0.8354 pred_std=0.8287 decoded_loss=0.032482 decoded_dynamic=0.060063 presence_loss=0.216861 memory_norm=6.451251
epoch=1 step=920 total_loss=0.046819 pred_loss=0.010818 pred_uniform=0.011102 rep=0.043404 barlow=0.011466 barlow_diag=0.9594 barlow_offdiag=0.3194 sigreg_obj=3.630102 memory_barlow=0.000000 target_std=0.8234 pred_std=0.8214 decoded_loss=0.033478 decoded_dynamic=0.062266 presence_loss=0.071064 memory_norm=6.348781
epoch=1 step=930 total_loss=0.049995 pred_loss=0.012937 pred_uniform=0.013224 rep=0.054252 barlow=0.012802 barlow_diag=0.9571 barlow_offdiag=0.3374 sigreg_obj=3.000558 memory_barlow=0.000000 target_std=0.8321 pred_std=0.8293 decoded_loss=0.040259 decoded_dynamic=0.070296 presence_loss=0.167053 memory_norm=6.029945
epoch=1 step=940 total_loss=0.051031 pred_loss=0.009149 pred_uniform=0.009323 rep=0.042661 barlow=0.011102 barlow_diag=0.9600 barlow_offdiag=0.3139 sigreg_obj=4.667130 memory_barlow=0.000000 target_std=0.8286 pred_std=0.8267 decoded_loss=0.035676 decoded_dynamic=0.064080 presence_loss=0.114559 memory_norm=8.202532
epoch=1 step=950 total_loss=0.048183 pred_loss=0.010428 pred_uniform=0.010655 rep=0.052747 barlow=0.011130 barlow_diag=0.9604 barlow_offdiag=0.3151 sigreg_obj=3.454078 memory_barlow=0.000000 target_std=0.8335 pred_std=0.8318 decoded_loss=0.040988 decoded_dynamic=0.064686 presence_loss=0.052653 memory_norm=6.934619
epoch=1 step=960 total_loss=0.051401 pred_loss=0.012088 pred_uniform=0.012397 rep=0.051793 barlow=0.011496 barlow_diag=0.9590 barlow_offdiag=0.3195 sigreg_obj=3.231232 memory_barlow=0.000000 target_std=0.8484 pred_std=0.8446 decoded_loss=0.038392 decoded_dynamic=0.070215 presence_loss=0.249649 memory_norm=7.766663
epoch=1 step=970 total_loss=0.049865 pred_loss=0.011195 pred_uniform=0.011539 rep=0.047823 barlow=0.010894 barlow_diag=0.9607 barlow_offdiag=0.3113 sigreg_obj=3.842745 memory_barlow=0.000000 target_std=0.8534 pred_std=0.8510 decoded_loss=0.040499 decoded_dynamic=0.069862 presence_loss=0.068786 memory_norm=8.364447
epoch=1 step=980 total_loss=0.045155 pred_loss=0.011379 pred_uniform=0.011621 rep=0.047131 barlow=0.011200 barlow_diag=0.9593 barlow_offdiag=0.3150 sigreg_obj=2.679146 memory_barlow=0.000000 target_std=0.8497 pred_std=0.8457 decoded_loss=0.040021 decoded_dynamic=0.066052 presence_loss=0.067500 memory_norm=5.973977
epoch=1 step=990 total_loss=0.051825 pred_loss=0.013015 pred_uniform=0.013435 rep=0.043759 barlow=0.011278 barlow_diag=0.9601 barlow_offdiag=0.3169 sigreg_obj=3.499842 memory_barlow=0.000000 target_std=0.8449 pred_std=0.8454 decoded_loss=0.037797 decoded_dynamic=0.068963 presence_loss=0.111713 memory_norm=6.733578
saved_recovery_checkpoint epoch=1 step=1000 successful_updates=1000
epoch=1 step=1000 total_loss=0.052480 pred_loss=0.012989 pred_uniform=0.013360 rep=0.048339 barlow=0.011498 barlow_diag=0.9588 barlow_offdiag=0.3188 sigreg_obj=3.513273 memory_barlow=0.000000 target_std=0.8217 pred_std=0.8197 decoded_loss=0.037880 decoded_dynamic=0.062198 presence_loss=0.207767 memory_norm=6.312675
epoch=1 step=1010 total_loss=0.045634 pred_loss=0.010782 pred_uniform=0.011123 rep=0.051940 barlow=0.011274 barlow_diag=0.9642 barlow_offdiag=0.3224 sigreg_obj=2.821976 memory_barlow=0.000000 target_std=0.8670 pred_std=0.8639 decoded_loss=0.035005 decoded_dynamic=0.057211 presence_loss=0.074257 memory_norm=6.571271
epoch=1 step=1020 total_loss=0.043070 pred_loss=0.012710 pred_uniform=0.013109 rep=0.039393 barlow=0.012041 barlow_diag=0.9580 barlow_offdiag=0.3267 sigreg_obj=2.400385 memory_barlow=0.000000 target_std=0.8661 pred_std=0.8632 decoded_loss=0.032411 decoded_dynamic=0.059520 presence_loss=0.116872 memory_norm=5.253672
epoch=1 step=1030 total_loss=0.048513 pred_loss=0.011508 pred_uniform=0.011865 rep=0.048232 barlow=0.010689 barlow_diag=0.9625 barlow_offdiag=0.3105 sigreg_obj=3.001169 memory_barlow=0.000000 target_std=0.8699 pred_std=0.8671 decoded_loss=0.037259 decoded_dynamic=0.065294 presence_loss=0.175458 memory_norm=7.003860
epoch=1 step=1040 total_loss=0.041160 pred_loss=0.010888 pred_uniform=0.011130 rep=0.044662 barlow=0.011576 barlow_diag=0.9605 barlow_offdiag=0.3223 sigreg_obj=2.363369 memory_barlow=0.000000 target_std=0.8520 pred_std=0.8510 decoded_loss=0.027846 decoded_dynamic=0.051371 presence_loss=0.036407 memory_norm=5.083018
epoch=1 step=1050 total_loss=0.048411 pred_loss=0.012089 pred_uniform=0.012509 rep=0.044107 barlow=0.010798 barlow_diag=0.9655 barlow_offdiag=0.3162 sigreg_obj=2.955022 memory_barlow=0.000000 target_std=0.8835 pred_std=0.8798 decoded_loss=0.034748 decoded_dynamic=0.060071 presence_loss=0.140244 memory_norm=7.567386
epoch=1 step=1060 total_loss=0.049700 pred_loss=0.012067 pred_uniform=0.012493 rep=0.044857 barlow=0.010236 barlow_diag=0.9609 barlow_offdiag=0.3004 sigreg_obj=3.014013 memory_barlow=0.000000 target_std=0.8695 pred_std=0.8647 decoded_loss=0.039503 decoded_dynamic=0.070205 presence_loss=0.067404 memory_norm=7.345339
epoch=1 step=1070 total_loss=0.048958 pred_loss=0.014262 pred_uniform=0.014895 rep=0.052049 barlow=0.010210 barlow_diag=0.9629 barlow_offdiag=0.3025 sigreg_obj=2.708295 memory_barlow=0.000000 target_std=0.8787 pred_std=0.8766 decoded_loss=0.035455 decoded_dynamic=0.059298 presence_loss=0.076629 memory_norm=7.282474
epoch=1 step=1080 total_loss=0.043412 pred_loss=0.010291 pred_uniform=0.010549 rep=0.043611 barlow=0.010382 barlow_diag=0.9647 barlow_offdiag=0.3082 sigreg_obj=2.505935 memory_barlow=0.000000 target_std=0.8846 pred_std=0.8821 decoded_loss=0.035933 decoded_dynamic=0.066024 presence_loss=0.173782 memory_norm=7.316123
epoch=1 step=1090 total_loss=0.042402 pred_loss=0.009667 pred_uniform=0.009917 rep=0.039309 barlow=0.011080 barlow_diag=0.9636 barlow_offdiag=0.3185 sigreg_obj=2.660923 memory_barlow=0.000000 target_std=0.8911 pred_std=0.8892 decoded_loss=0.033569 decoded_dynamic=0.060747 presence_loss=0.172464 memory_norm=6.609839
epoch=1 step=1100 total_loss=0.040007 pred_loss=0.009436 pred_uniform=0.009705 rep=0.049696 barlow=0.010385 barlow_diag=0.9633 barlow_offdiag=0.3065 sigreg_obj=2.466355 memory_barlow=0.000000 target_std=0.8893 pred_std=0.8863 decoded_loss=0.029377 decoded_dynamic=0.051206 presence_loss=0.137135 memory_norm=6.905376
epoch=1 step=1110 total_loss=0.051741 pred_loss=0.012309 pred_uniform=0.012751 rep=0.039098 barlow=0.009904 barlow_diag=0.9655 barlow_offdiag=0.3007 sigreg_obj=3.687372 memory_barlow=0.000000 target_std=0.8717 pred_std=0.8749 decoded_loss=0.032715 decoded_dynamic=0.056346 presence_loss=0.100295 memory_norm=7.733400
epoch=1 step=1120 total_loss=0.043530 pred_loss=0.010558 pred_uniform=0.010880 rep=0.046835 barlow=0.009762 barlow_diag=0.9639 barlow_offdiag=0.2966 sigreg_obj=2.518679 memory_barlow=0.000000 target_std=0.8880 pred_std=0.8866 decoded_loss=0.034709 decoded_dynamic=0.057415 presence_loss=0.068906 memory_norm=7.316722
epoch=1 step=1130 total_loss=0.046666 pred_loss=0.013921 pred_uniform=0.014398 rep=0.042827 barlow=0.010540 barlow_diag=0.9618 barlow_offdiag=0.3067 sigreg_obj=2.651371 memory_barlow=0.000000 target_std=0.8884 pred_std=0.8890 decoded_loss=0.030823 decoded_dynamic=0.053153 presence_loss=0.053182 memory_norm=6.752012
epoch=1 step=1140 total_loss=0.042966 pred_loss=0.010723 pred_uniform=0.011055 rep=0.042303 barlow=0.010524 barlow_diag=0.9661 barlow_offdiag=0.3122 sigreg_obj=2.677403 memory_barlow=0.000000 target_std=0.8858 pred_std=0.8829 decoded_loss=0.032811 decoded_dynamic=0.050319 presence_loss=0.061641 memory_norm=6.626111
epoch=1 step=1150 total_loss=0.043428 pred_loss=0.010100 pred_uniform=0.010432 rep=0.037411 barlow=0.009573 barlow_diag=0.9649 barlow_offdiag=0.2938 sigreg_obj=2.725192 memory_barlow=0.000000 target_std=0.8993 pred_std=0.8992 decoded_loss=0.031573 decoded_dynamic=0.056128 presence_loss=0.149034 memory_norm=8.163570
epoch=1 step=1160 total_loss=0.035445 pred_loss=0.008049 pred_uniform=0.008225 rep=0.038108 barlow=0.010115 barlow_diag=0.9663 barlow_offdiag=0.3056 sigreg_obj=2.181683 memory_barlow=0.000000 target_std=0.9000 pred_std=0.8996 decoded_loss=0.027439 decoded_dynamic=0.049789 presence_loss=0.085670 memory_norm=6.487423
epoch=1 step=1170 total_loss=0.043725 pred_loss=0.010769 pred_uniform=0.011037 rep=0.039197 barlow=0.010017 barlow_diag=0.9650 barlow_offdiag=0.3022 sigreg_obj=2.511953 memory_barlow=0.000000 target_std=0.9023 pred_std=0.8987 decoded_loss=0.030813 decoded_dynamic=0.053189 presence_loss=0.213308 memory_norm=7.481896
epoch=1 step=1180 total_loss=0.042740 pred_loss=0.010903 pred_uniform=0.011260 rep=0.035265 barlow=0.009525 barlow_diag=0.9665 barlow_offdiag=0.2956 sigreg_obj=2.384543 memory_barlow=0.000000 target_std=0.9091 pred_std=0.9089 decoded_loss=0.031453 decoded_dynamic=0.052034 presence_loss=0.168960 memory_norm=7.844221
epoch=1 step=1190 total_loss=0.042383 pred_loss=0.012334 pred_uniform=0.012897 rep=0.044703 barlow=0.010117 barlow_diag=0.9679 barlow_offdiag=0.3073 sigreg_obj=2.163108 memory_barlow=0.000000 target_std=0.9144 pred_std=0.9129 decoded_loss=0.030962 decoded_dynamic=0.053002 presence_loss=0.152075 memory_norm=7.149610
epoch=1 step=1200 total_loss=0.043214 pred_loss=0.012738 pred_uniform=0.013303 rep=0.051247 barlow=0.009844 barlow_diag=0.9661 barlow_offdiag=0.3005 sigreg_obj=2.132338 memory_barlow=0.000000 target_std=0.8951 pred_std=0.8851 decoded_loss=0.028684 decoded_dynamic=0.049519 presence_loss=0.177300 memory_norm=6.633616
epoch=1 step=1210 total_loss=0.040823 pred_loss=0.010713 pred_uniform=0.010967 rep=0.036237 barlow=0.010406 barlow_diag=0.9666 barlow_offdiag=0.3105 sigreg_obj=2.040790 memory_barlow=0.000000 target_std=0.9102 pred_std=0.9087 decoded_loss=0.032267 decoded_dynamic=0.057738 presence_loss=0.173887 memory_norm=6.438121
epoch=1 step=1220 total_loss=0.039275 pred_loss=0.008899 pred_uniform=0.009156 rep=0.036862 barlow=0.009262 barlow_diag=0.9658 barlow_offdiag=0.2897 sigreg_obj=2.376508 memory_barlow=0.000000 target_std=0.9158 pred_std=0.9146 decoded_loss=0.031504 decoded_dynamic=0.048856 presence_loss=0.131676 memory_norm=8.027026
epoch=1 step=1230 total_loss=0.038220 pred_loss=0.010341 pred_uniform=0.010598 rep=0.037950 barlow=0.009877 barlow_diag=0.9650 barlow_offdiag=0.2994 sigreg_obj=1.888686 memory_barlow=0.000000 target_std=0.9048 pred_std=0.9044 decoded_loss=0.028850 decoded_dynamic=0.051483 presence_loss=0.076702 memory_norm=5.862049
